// Jest Snapshot v1, https://goo.gl/fbAQLP

exports[`Contact snapshot test  1`] = `
<div
  className="container"
  data-test="container"
>
  <div
    className="row"
    data-test="row"
  >
    <div
      className="mask rgba-black flex-center flex-row black-text text-left"
      data-test="mask"
    >
      <div
        className="col"
        data-test="col"
      >
        <div
          className="col-md-10 ml-5"
          data-test="col"
        >
          <form
            className="needs-validation"
            data-netlify="true"
            data-netlify-honeypot="bot-field"
            method="post"
            name="contact"
            onSubmit={[Function]}
          >
            <input
              name="form-name"
              type="hidden"
              value="contact"
            />
            <h2
              className="h4 text-center mb-4 contactForm__title"
            >
              <strong>
                <b>
                  Keep in touch
                </b>
              </strong>
            </h2>
            <label
              className="black-text font-weight-bold contactForm__label"
              htmlFor="validationCustom01"
            >
              Name:
            </label>
            <input
              className="form-control"
              id="validationCustom01"
              name="name"
              onChange={[Function]}
              required={true}
              type="text"
              value=""
            />
            <br />
            <label
              className="black-text font-weight-bold contactForm__label"
              htmlFor="defaultFormContactEmailEx"
            >
              E-mail:
            </label>
            <input
              className="form-control"
              id="defaultFormContactEmailEx"
              name="email"
              onChange={[Function]}
              required={true}
              type="email"
              value=""
            />
            <br />
            <label
              className="black-text font-weight-bold contactForm__label"
              htmlFor="defaultFormContactSubjectEx"
            >
              Subject:
            </label>
            <input
              className="form-control"
              id="defaultFormContactSubjectEx"
              name="subject"
              onChange={[Function]}
              type="text"
              value=""
            />
            <br />
            <label
              className="black-text font-weight-bold contactForm__label"
              htmlFor="defaultFormContactMessageEx"
            >
              Message:
            </label>
            <textarea
              className="form-control mb-1"
              id="defaultFormContactMessageEx"
              name="message"
              onChange={[Function]}
              required={true}
              rows="3"
              type="text"
              value=""
            />
            <div
              className="text-center mt-4"
            >
              <button
                aria-hidden="true"
                className="btn-black font-weight-bold btn-outline-black font-weight-bold btn Ripple-parent btn-block waves-effect contactForm__button"
                data-test="button"
                onMouseUp={[Function]}
                onTouchStart={[Function]}
                type="submit"
              >
                Send
                <i
                  className="far fa-paper-plane ml-2"
                  data-test="fa"
                />
                <div
                  className="Ripple Ripple-outline "
                  data-test="waves"
                  style={
                    Object {
                      "height": "0px",
                      "left": "0px",
                      "top": "0px",
                      "width": "0px",
                    }
                  }
                />
              </button>
            </div>
          </form>
        </div>
      </div>
      <div
        className="col"
        data-test="col"
      >
        <svg
          className="img-fluid mb-5"
          style={
            Object {
              "float": "right",
              "width": "100%",
            }
          }
        >
          contact.svg
        </svg>
      </div>
    </div>
  </div>
</div>
`;
